
> objectwire-next@0.1.0 prebuild
> npx tsx scripts/sync-registry.ts --write

≡ƒöì  Scanning app directory for page.tsx filesΓÇª
    Found 398 pages

≡ƒôï  Currently registered: 422 entries

Γ₧ò  Missing from registry: 0 pages

Γ£à  Registry is fully up to date!

> objectwire-next@0.1.0 build
> next build --turbopack

   Γû▓ Next.js 15.5.12 (Turbopack)
   - Environments: .env.local, .env
   - Experiments (use with caution):
     ┬╖ optimizePackageImports

   Creating an optimized production build ...
node.exe :  ΓÜá Slow filesystem detected. The benchmark took 1647ms. If 
C:\Users\Allied Gaming\Documents\GitHub\Object-wire26-\.next is a network 
drive, consider moving it to a local folder. If you have an antivirus enabled, 
consider excluding your project directory.
At C:\Program Files\nodejs\npm.ps1:29 char:3
+   & $NODE_EXE $NPM_CLI_JS $args
+   ~~~~~~~~~~~~~~~~~~~~~~~~~~~~~
    + CategoryInfo          : NotSpecified: ( ΓÜá Slow files...ject directory. 
   :String) [], RemoteException
    + FullyQualifiedErrorId : NativeCommandError
 
 Γ£ô Finished writing to disk in 1727ms
 Γ£ô Compiled successfully in 18.6s
   Linting and checking validity of types ...
   Collecting page data ...
   Generating static pages (0/1123) ...
   Generating static pages (280/1123) 
   Generating static pages (561/1123) 
 Γ¿» Next.js build worker exited with code: 3221225786 and signal: null
